{"logTime": "0915/095203", "correlationVector":"1vn+kzCFHNbWseOqrCkb//.1","action":"SyncServerConnectionManagerRequest", "result":"SYNC_SERVER_OK", "context":{"environment":"Prod_southeastasia_prod-s01-065-apac-southeastasia", "migrationStage":"NotStarted", "server":"akswtt00300000a"}}
{"logTime": "0915/095203", "correlationVector":"1vn+kzCFHNbWseOqrCkb//.2","action":"ProcessGetUpdates", "result":"Done", "context":{"dataType":"Encryption Keys", "deleted":"0", "process_failed_to_decrypt":"0", "process_pending_decryption":"0", "process_success":"1", "total":"1"}}
{"logTime": "0915/095204", "correlationVector":"ZDWYxt2y2vhLe2KjLPuWKO","action":"SyncServerConnectionManagerRequest", "result":"SYNC_SERVER_OK", "context":{"environment":"", "migrationStage":"", "server":""}}
{"logTime": "0915/095204", "correlationVector":"ZDWYxt2y2vhLe2KjLPuWKO.0","action":"EncryptionKeysFetcher.DownloadKeys:", "result":"Success", "context":Key count: 2, Last key timestamp: 2026-09-11T11:40:28Z}
{"logTime": "0915/095204", "correlationVector":"ZDWYxt2y2vhLe2KjLPuWKO.1","action":"EncryptionKeysManager::SetEncryptionKeys:", "result":"Success", "context":Key names[2]:[vV6Bmar3ZRUB1RLJb7QimqITTk4hFt7flcKwwLUuhEGY9uVfdMMFml2Dhs8mF8+ycLVNT2bro3jBiEufF6bAig==][dLV7wdkuiwMkPrVin1Yz99Y2d4sRDLcYgnHPSGKHwYvh12vydo6uAVMADzUlnzfVRKO6fbAkCDPFzrxWhPIbNg==]}
{"logTime": "0915/095204", "correlationVector":"ZDWYxt2y2vhLe2KjLPuWKO.2","action":"EncryptionKeysManager::SetEncryptionKeysWithTimestamps:", "result":"Success", "context":Key timestamps[2]:[2025-08-13T10:01:22Z][2026-09-11T11:40:28Z]}
{"logTime": "0915/095204", "correlationVector":"1vn+kzCFHNbWseOqrCkb//","action":"Initial GetUpdates", "result":"", "context":Reason: NEW_CLIENT. cV=1vn+kzCFHNbWseOqrCkb//}
{"logTime": "0915/095204", "correlationVector":"1vn+kzCFHNbWseOqrCkb//.3","action":"GetUpdates Response", "result":"Success", "context":Received 1 update(s). cV=1vn+kzCFHNbWseOqrCkb//.0;server=akswtt00300000a;cloudType=Consumer;environment=Prod_southeastasia_prod-s01-065-apac-southeastasia;migrationStage=NotStarted}
{"logTime": "0915/095204", "correlationVector":"ErrQ4OYEfVTDBQzEr1TF5H","action":"Initial GetUpdates", "result":"", "context":Reason: NEWLY_SUPPORTED_DATATYPE. cV=ErrQ4OYEfVTDBQzEr1TF5H}
{"logTime": "0915/095206", "correlationVector":"ErrQ4OYEfVTDBQzEr1TF5H.1","action":"SyncServerConnectionManagerRequest", "result":"SYNC_SERVER_OK", "context":{"environment":"Prod_westeurope_prod-s01-080-eur-westeurope", "migrationStage":"NotStarted", "server":"akswtt004000035"}}
{"logTime": "0915/095206", "correlationVector":"ErrQ4OYEfVTDBQzEr1TF5H.2","action":"ProcessGetUpdates", "result":"Done", "context":{"dataType":"Device Info", "deleted":"0", "process_failed_to_decrypt":"0", "process_pending_decryption":"0", "process_success":"248", "total":"248"}}
{"logTime": "0915/095206", "correlationVector":"ErrQ4OYEfVTDBQzEr1TF5H.3","action":"GetUpdates Response", "result":"Success", "context":Received 248 update(s). cV=ErrQ4OYEfVTDBQzEr1TF5H.0;server=akswtt004000035;cloudType=Consumer;environment=Prod_westeurope_prod-s01-080-eur-westeurope;migrationStage=NotStarted}
{"logTime": "0915/095206", "correlationVector":"QEgIt9Yh1mjeeO2UvE5udn","action":"Initial GetUpdates", "result":"", "context":Reason: NEWLY_SUPPORTED_DATATYPE. cV=QEgIt9Yh1mjeeO2UvE5udn}
{"logTime": "0915/095206", "correlationVector":"QEgIt9Yh1mjeeO2UvE5udn.1","action":"SyncServerConnectionManagerRequest", "result":"SYNC_SERVER_OK", "context":{"environment":"Prod_southeastasia_prod-s01-064-apac-southeastasia", "migrationStage":"NotStarted", "server":"akswtt00300000v"}}
{"logTime": "0915/095206", "correlationVector":"QEgIt9Yh1mjeeO2UvE5udn.2","action":"GetUpdates Response", "result":"Success", "context":Received 0 update(s). cV=QEgIt9Yh1mjeeO2UvE5udn.0;server=akswtt00300000v;cloudType=Consumer;environment=Prod_southeastasia_prod-s01-064-apac-southeastasia;migrationStage=NotStarted}
{"logTime": "0915/095206", "correlationVector":"X0Suteo8Psqt3Zaf/o7Ot6","action":"Normal GetUpdate request", "result":"", "context":cV=X0Suteo8Psqt3Zaf/o7Ot6
Nudged types: Device Info, User Consents
Refresh requested types: Extensions, Extension settings, Device Info, User Consents, Send Tab To Self, Web Apps, Encryption Keys}
{"logTime": "0915/095207", "correlationVector":"X0Suteo8Psqt3Zaf/o7Ot6.1","action":"SyncServerConnectionManagerRequest", "result":"SYNC_SERVER_OK", "context":{"environment":"Prod_southeastasia_prod-s01-064-apac-southeastasia", "migrationStage":"NotStarted", "server":"akswtt003000033"}}
{"logTime": "0915/095207", "correlationVector":"X0Suteo8Psqt3Zaf/o7Ot6.2","action":"GetUpdates Response", "result":"Success", "context":Received 0 update(s). cV=X0Suteo8Psqt3Zaf/o7Ot6.0;server=akswtt003000033;cloudType=Consumer;environment=Prod_southeastasia_prod-s01-064-apac-southeastasia;migrationStage=NotStarted}
{"logTime": "0915/095207", "correlationVector":"aur/d6JUzsxnLJZyZFwbJA","action":"DoCompareDataConsistency requsted types: ", "result":"Extensions, Extension settings, Send Tab To Self, Web Apps, Encryption Keys"}
{"logTime": "0915/095207", "correlationVector":"aur/d6JUzsxnLJZyZFwbJA.0","action":"CompareDataConsistency result: ", "result":"Compare result: Encryption Keys is consistent. local entities count is: 1 local entities hash is: d49+B78LOGcPZQtNeIB3MxlR0kY="}
{"logTime": "0915/095207", "correlationVector":"aur/d6JUzsxnLJZyZFwbJA.1","action":"CompareDataConsistency result: ", "result":"Compare result: Extensions is consistent. local entities count is: 0 local entities hash is: "}
{"logTime": "0915/095207", "correlationVector":"aur/d6JUzsxnLJZyZFwbJA.2","action":"CompareDataConsistency result: ", "result":"Compare result: Extension settings is consistent. local entities count is: 0 local entities hash is: "}
{"logTime": "0915/095207", "correlationVector":"aur/d6JUzsxnLJZyZFwbJA.3","action":"CompareDataConsistency result: ", "result":"Server did not send this Send Tab To Self local entities count is: 0 local entities hash is: "}
{"logTime": "0915/095207", "correlationVector":"aur/d6JUzsxnLJZyZFwbJA.4","action":"CompareDataConsistency result: ", "result":"Compare result: Web Apps is consistent. local entities count is: 0 local entities hash is: "}
{"logTime": "0915/095207", "correlationVector":"7sWnYo2/N9GorUWgD49g58","action":"Commit Request", "result":"", "context":Item count: 2
Contributing types: Device Info, User Consents}
{"logTime": "0915/095208", "correlationVector":"7sWnYo2/N9GorUWgD49g58.1","action":"SyncServerConnectionManagerRequest", "result":"SYNC_SERVER_OK", "context":{"environment":"Prod_southeastasia_prod-s01-064-apac-southeastasia", "migrationStage":"NotStarted", "server":"akswtt00300002e"}}
{"logTime": "0915/095208", "correlationVector":"7sWnYo2/N9GorUWgD49g58.2","action":"Commit Response", "result":"Success", "context":Result: Success. cV=7sWnYo2/N9GorUWgD49g58.0;server=akswtt00300002e;cloudType=Consumer;environment=Prod_southeastasia_prod-s01-064-apac-southeastasia;migrationStage=NotStarted}
{"logTime": "0915/095208", "correlationVector":"","action":"DIAGNOSTIC_REQUEST|v1/diagnosticData/Diagnostic.SendCheckResult()|SUCCESS", "result":""}
{"logTime": "0915/095520", "correlationVector":"yZ0BrDG6JGOtNdg7CGeqsG.1","action":"SyncServerConnectionManagerRequest", "result":"SYNC_SERVER_OK", "context":{"environment":"Prod_southeastasia_prod-s01-065-apac-southeastasia", "migrationStage":"NotStarted", "server":"akswtt00300003s"}}
{"logTime": "0915/095520", "correlationVector":"yZ0BrDG6JGOtNdg7CGeqsG.2","action":"ProcessGetUpdates", "result":"Done", "context":{"dataType":"Encryption Keys", "deleted":"0", "process_failed_to_decrypt":"0", "process_pending_decryption":"0", "process_success":"1", "total":"1"}}
{"logTime": "0915/095520", "correlationVector":"jZZIPwyfv7QuSLi7HLiMmJ","action":"SyncServerConnectionManagerRequest", "result":"SYNC_SERVER_OK", "context":{"environment":"", "migrationStage":"", "server":""}}
{"logTime": "0915/095520", "correlationVector":"jZZIPwyfv7QuSLi7HLiMmJ.0","action":"EncryptionKeysFetcher.DownloadKeys:", "result":"Success", "context":Key count: 2, Last key timestamp: 2026-09-11T11:40:28Z}
{"logTime": "0915/095520", "correlationVector":"jZZIPwyfv7QuSLi7HLiMmJ.1","action":"EncryptionKeysManager::SetEncryptionKeys:", "result":"Success", "context":Key names[2]:[vV6Bmar3ZRUB1RLJb7QimqITTk4hFt7flcKwwLUuhEGY9uVfdMMFml2Dhs8mF8+ycLVNT2bro3jBiEufF6bAig==][dLV7wdkuiwMkPrVin1Yz99Y2d4sRDLcYgnHPSGKHwYvh12vydo6uAVMADzUlnzfVRKO6fbAkCDPFzrxWhPIbNg==]}
{"logTime": "0915/095520", "correlationVector":"jZZIPwyfv7QuSLi7HLiMmJ.2","action":"EncryptionKeysManager::SetEncryptionKeysWithTimestamps:", "result":"Success", "context":Key timestamps[2]:[2025-08-13T10:01:22Z][2026-09-11T11:40:28Z]}
{"logTime": "0915/095520", "correlationVector":"yZ0BrDG6JGOtNdg7CGeqsG","action":"Initial GetUpdates", "result":"", "context":Reason: NEW_CLIENT. cV=yZ0BrDG6JGOtNdg7CGeqsG}
{"logTime": "0915/095520", "correlationVector":"yZ0BrDG6JGOtNdg7CGeqsG.3","action":"GetUpdates Response", "result":"Success", "context":Received 1 update(s). cV=yZ0BrDG6JGOtNdg7CGeqsG.0;server=akswtt00300003s;cloudType=Consumer;environment=Prod_southeastasia_prod-s01-065-apac-southeastasia;migrationStage=NotStarted}
{"logTime": "0915/095520", "correlationVector":"FvauL95LwVmWa34LYy5IiZ","action":"Initial GetUpdates", "result":"", "context":Reason: NEWLY_SUPPORTED_DATATYPE. cV=FvauL95LwVmWa34LYy5IiZ}
{"logTime": "0915/095521", "correlationVector":"FvauL95LwVmWa34LYy5IiZ.1","action":"SyncServerConnectionManagerRequest", "result":"SYNC_SERVER_OK", "context":{"environment":"Prod_southeastasia_prod-s01-065-apac-southeastasia", "migrationStage":"NotStarted", "server":"akswtt00300003t"}}
{"logTime": "0915/095521", "correlationVector":"FvauL95LwVmWa34LYy5IiZ.2","action":"ProcessGetUpdates", "result":"Done", "context":{"dataType":"Device Info", "deleted":"0", "process_failed_to_decrypt":"0", "process_pending_decryption":"0", "process_success":"250", "total":"250"}}
{"logTime": "0915/095521", "correlationVector":"FvauL95LwVmWa34LYy5IiZ.3","action":"GetUpdates Response", "result":"Success", "context":Received 250 update(s). cV=FvauL95LwVmWa34LYy5IiZ.0;server=akswtt00300003t;cloudType=Consumer;environment=Prod_southeastasia_prod-s01-065-apac-southeastasia;migrationStage=NotStarted Some updates remain.}
{"logTime": "0915/095521", "correlationVector":"Cs1Yb1iL7zuTObfjHXoi8d","action":"Initial GetUpdates", "result":"", "context":Reason: NEWLY_SUPPORTED_DATATYPE. cV=Cs1Yb1iL7zuTObfjHXoi8d}
{"logTime": "0915/095522", "correlationVector":"Cs1Yb1iL7zuTObfjHXoi8d.1","action":"SyncServerConnectionManagerRequest", "result":"SYNC_SERVER_OK", "context":{"environment":"Prod_southeastasia_prod-s01-065-apac-southeastasia", "migrationStage":"NotStarted", "server":"akswtt00300002j"}}
{"logTime": "0915/095522", "correlationVector":"Cs1Yb1iL7zuTObfjHXoi8d.2","action":"ProcessGetUpdates", "result":"Done", "context":{"dataType":"Device Info", "deleted":"0", "process_failed_to_decrypt":"0", "process_pending_decryption":"0", "process_success":"1", "total":"1"}}
{"logTime": "0915/095522", "correlationVector":"Cs1Yb1iL7zuTObfjHXoi8d.3","action":"GetUpdates Response", "result":"Success", "context":Received 1 update(s). cV=Cs1Yb1iL7zuTObfjHXoi8d.0;server=akswtt00300002j;cloudType=Consumer;environment=Prod_southeastasia_prod-s01-065-apac-southeastasia;migrationStage=NotStarted}
{"logTime": "0915/095522", "correlationVector":"yROeg5jq4DTuhvdccjVtQL","action":"Initial GetUpdates", "result":"", "context":Reason: NEWLY_SUPPORTED_DATATYPE. cV=yROeg5jq4DTuhvdccjVtQL}
{"logTime": "0915/095522", "correlationVector":"yROeg5jq4DTuhvdccjVtQL.1","action":"SyncServerConnectionManagerRequest", "result":"SYNC_SERVER_OK", "context":{"environment":"Prod_westeurope_prod-s01-080-eur-westeurope", "migrationStage":"NotStarted", "server":"akswtt00400006y"}}
{"logTime": "0915/095522", "correlationVector":"yROeg5jq4DTuhvdccjVtQL.2","action":"GetUpdates Response", "result":"Success", "context":Received 0 update(s). cV=yROeg5jq4DTuhvdccjVtQL.0;server=akswtt00400006y;cloudType=Consumer;environment=Prod_westeurope_prod-s01-080-eur-westeurope;migrationStage=NotStarted}
{"logTime": "0915/095522", "correlationVector":"Z0VE+PtZf9ewYUchK5B1Jd","action":"Normal GetUpdate request", "result":"", "context":cV=Z0VE+PtZf9ewYUchK5B1Jd
Nudged types: Device Info
Refresh requested types: Extensions, Extension settings, Device Info, User Consents, Send Tab To Self, Web Apps, Encryption Keys}
{"logTime": "0915/095523", "correlationVector":"bk9AQHOw+lHeei2s6oiM+7.1","action":"SyncServerConnectionManagerRequest", "result":"SYNC_SERVER_OK", "context":{"environment":"Prod_southeastasia_prod-s01-065-apac-southeastasia", "migrationStage":"NotStarted", "server":"akswtt003000039"}}
{"logTime": "0915/095523", "correlationVector":"bk9AQHOw+lHeei2s6oiM+7.2","action":"ProcessGetUpdates", "result":"Done", "context":{"dataType":"Encryption Keys", "deleted":"0", "process_failed_to_decrypt":"0", "process_pending_decryption":"0", "process_success":"1", "total":"1"}}
{"logTime": "0915/095524", "correlationVector":"w4Le6svi+RPWkRnQrrvb5Q","action":"SyncServerConnectionManagerRequest", "result":"SYNC_SERVER_OK", "context":{"environment":"", "migrationStage":"", "server":""}}
{"logTime": "0915/095524", "correlationVector":"w4Le6svi+RPWkRnQrrvb5Q.0","action":"EncryptionKeysFetcher.DownloadKeys:", "result":"Success", "context":Key count: 2, Last key timestamp: 2026-09-11T11:40:28Z}
{"logTime": "0915/095524", "correlationVector":"w4Le6svi+RPWkRnQrrvb5Q.1","action":"EncryptionKeysManager::SetEncryptionKeys:", "result":"Success", "context":Key names[2]:[vV6Bmar3ZRUB1RLJb7QimqITTk4hFt7flcKwwLUuhEGY9uVfdMMFml2Dhs8mF8+ycLVNT2bro3jBiEufF6bAig==][dLV7wdkuiwMkPrVin1Yz99Y2d4sRDLcYgnHPSGKHwYvh12vydo6uAVMADzUlnzfVRKO6fbAkCDPFzrxWhPIbNg==]}
{"logTime": "0915/095524", "correlationVector":"w4Le6svi+RPWkRnQrrvb5Q.2","action":"EncryptionKeysManager::SetEncryptionKeysWithTimestamps:", "result":"Success", "context":Key timestamps[2]:[2025-08-13T10:01:22Z][2026-09-11T11:40:28Z]}
{"logTime": "0915/095524", "correlationVector":"bk9AQHOw+lHeei2s6oiM+7","action":"Initial GetUpdates", "result":"", "context":Reason: NEW_CLIENT. cV=bk9AQHOw+lHeei2s6oiM+7}
{"logTime": "0915/095524", "correlationVector":"bk9AQHOw+lHeei2s6oiM+7.3","action":"GetUpdates Response", "result":"Success", "context":Received 1 update(s). cV=bk9AQHOw+lHeei2s6oiM+7.0;server=akswtt003000039;cloudType=Consumer;environment=Prod_southeastasia_prod-s01-065-apac-southeastasia;migrationStage=NotStarted}
{"logTime": "0915/095524", "correlationVector":"nmLXPKaXaTHstjKno8oJYg","action":"Initial GetUpdates", "result":"", "context":Reason: NEWLY_SUPPORTED_DATATYPE. cV=nmLXPKaXaTHstjKno8oJYg}
{"logTime": "0915/095526", "correlationVector":"nmLXPKaXaTHstjKno8oJYg.1","action":"SyncServerConnectionManagerRequest", "result":"SYNC_SERVER_OK", "context":{"environment":"Prod_westeurope_prod-s01-080-eur-westeurope", "migrationStage":"NotStarted", "server":"akswtt00400002j"}}
{"logTime": "0915/095526", "correlationVector":"nmLXPKaXaTHstjKno8oJYg.2","action":"ProcessGetUpdates", "result":"Done", "context":{"dataType":"Device Info", "deleted":"0", "process_failed_to_decrypt":"0", "process_pending_decryption":"0", "process_success":"250", "total":"250"}}
{"logTime": "0915/095526", "correlationVector":"nmLXPKaXaTHstjKno8oJYg.3","action":"GetUpdates Response", "result":"Success", "context":Received 250 update(s). cV=nmLXPKaXaTHstjKno8oJYg.0;server=akswtt00400002j;cloudType=Consumer;environment=Prod_westeurope_prod-s01-080-eur-westeurope;migrationStage=NotStarted Some updates remain.}
{"logTime": "0915/095526", "correlationVector":"c/9W4PdeMCjUyrryrlY3X8","action":"Initial GetUpdates", "result":"", "context":Reason: NEWLY_SUPPORTED_DATATYPE. cV=c/9W4PdeMCjUyrryrlY3X8}
{"logTime": "0915/095526", "correlationVector":"c/9W4PdeMCjUyrryrlY3X8.1","action":"SyncServerConnectionManagerRequest", "result":"SYNC_SERVER_OK", "context":{"environment":"Prod_francecentral_prod-s01-062-eur-francecentral", "migrationStage":"NotStarted", "server":"akswtt11700000r"}}
{"logTime": "0915/095526", "correlationVector":"c/9W4PdeMCjUyrryrlY3X8.2","action":"ProcessGetUpdates", "result":"Done", "context":{"dataType":"Device Info", "deleted":"0", "process_failed_to_decrypt":"0", "process_pending_decryption":"0", "process_success":"1", "total":"1"}}
{"logTime": "0915/095526", "correlationVector":"c/9W4PdeMCjUyrryrlY3X8.3","action":"GetUpdates Response", "result":"Success", "context":Received 1 update(s). cV=c/9W4PdeMCjUyrryrlY3X8.0;server=akswtt11700000r;cloudType=Consumer;environment=Prod_francecentral_prod-s01-062-eur-francecentral;migrationStage=NotStarted}
{"logTime": "0915/095526", "correlationVector":"iYGOGfm8LXlvIxxTGDGSjX","action":"Initial GetUpdates", "result":"", "context":Reason: NEWLY_SUPPORTED_DATATYPE. cV=iYGOGfm8LXlvIxxTGDGSjX}
{"logTime": "0915/095527", "correlationVector":"iYGOGfm8LXlvIxxTGDGSjX.1","action":"SyncServerConnectionManagerRequest", "result":"SYNC_SERVER_OK", "context":{"environment":"Prod_germanywestcentral_prod-s01-011-eur-germanywestcentral", "migrationStage":"NotStarted", "server":"akswtt10300004c"}}
{"logTime": "0915/095527", "correlationVector":"iYGOGfm8LXlvIxxTGDGSjX.2","action":"GetUpdates Response", "result":"Success", "context":Received 0 update(s). cV=iYGOGfm8LXlvIxxTGDGSjX.0;server=akswtt10300004c;cloudType=Consumer;environment=Prod_germanywestcentral_prod-s01-011-eur-germanywestcentral;migrationStage=NotStarted}
{"logTime": "0915/095527", "correlationVector":"lmEq2zjJedxZ7em8Ijw0QT","action":"Normal GetUpdate request", "result":"", "context":cV=lmEq2zjJedxZ7em8Ijw0QT
Nudged types: Device Info
Refresh requested types: Extensions, Extension settings, Device Info, User Consents, Send Tab To Self, Web Apps, Encryption Keys}
{"logTime": "0915/095527", "correlationVector":"lmEq2zjJedxZ7em8Ijw0QT.1","action":"SyncServerConnectionManagerRequest", "result":"SYNC_SERVER_OK", "context":{"environment":"Prod_southeastasia_prod-s01-065-apac-southeastasia", "migrationStage":"NotStarted", "server":"akswtt00300001o"}}
{"logTime": "0915/095527", "correlationVector":"lmEq2zjJedxZ7em8Ijw0QT.2","action":"GetUpdates Response", "result":"Success", "context":Received 0 update(s). cV=lmEq2zjJedxZ7em8Ijw0QT.0;server=akswtt00300001o;cloudType=Consumer;environment=Prod_southeastasia_prod-s01-065-apac-southeastasia;migrationStage=NotStarted}
{"logTime": "0915/095527", "correlationVector":"q7QyNrCkwXrGYeX1i1FKAB","action":"DoCompareDataConsistency requsted types: ", "result":"Extensions, Extension settings, Send Tab To Self, Web Apps, Encryption Keys"}
{"logTime": "0915/095527", "correlationVector":"q7QyNrCkwXrGYeX1i1FKAB.0","action":"CompareDataConsistency result: ", "result":"Compare result: Encryption Keys is consistent. local entities count is: 1 local entities hash is: d49+B78LOGcPZQtNeIB3MxlR0kY="}
{"logTime": "0915/095527", "correlationVector":"q7QyNrCkwXrGYeX1i1FKAB.1","action":"CompareDataConsistency result: ", "result":"Compare result: Extensions is consistent. local entities count is: 0 local entities hash is: "}
{"logTime": "0915/095527", "correlationVector":"q7QyNrCkwXrGYeX1i1FKAB.2","action":"CompareDataConsistency result: ", "result":"Compare result: Extension settings is consistent. local entities count is: 0 local entities hash is: "}
{"logTime": "0915/095527", "correlationVector":"q7QyNrCkwXrGYeX1i1FKAB.3","action":"CompareDataConsistency result: ", "result":"Server did not send this Send Tab To Self local entities count is: 0 local entities hash is: "}
{"logTime": "0915/095527", "correlationVector":"q7QyNrCkwXrGYeX1i1FKAB.4","action":"CompareDataConsistency result: ", "result":"Compare result: Web Apps is consistent. local entities count is: 0 local entities hash is: "}
{"logTime": "0915/095527", "correlationVector":"B2gFHLUk3Vh4qQKW34PUxt","action":"Commit Request", "result":"", "context":Item count: 1
Contributing types: Device Info}
{"logTime": "0915/095528", "correlationVector":"B2gFHLUk3Vh4qQKW34PUxt.1","action":"SyncServerConnectionManagerRequest", "result":"SYNC_SERVER_OK", "context":{"environment":"Prod_southeastasia_prod-s01-065-apac-southeastasia", "migrationStage":"NotStarted", "server":"akswtt00300000f"}}
{"logTime": "0915/095528", "correlationVector":"B2gFHLUk3Vh4qQKW34PUxt.2","action":"Commit Response", "result":"Success", "context":Result: Success. cV=B2gFHLUk3Vh4qQKW34PUxt.0;server=akswtt00300000f;cloudType=Consumer;environment=Prod_southeastasia_prod-s01-065-apac-southeastasia;migrationStage=NotStarted}
{"logTime": "0915/095528", "correlationVector":"","action":"DIAGNOSTIC_REQUEST|v1/diagnosticData/Diagnostic.SendCheckResult()|SUCCESS", "result":""}
