{"logTime": "0915/102125", "correlationVector":"7x67Xdnw0abeDz42MrTc8q.1","action":"SyncServerConnectionManagerRequest", "result":"SYNC_SERVER_OK", "context":{"environment":"Prod_southeastasia_prod-s01-064-apac-southeastasia", "migrationStage":"NotStarted", "server":"akswtt003000050"}}
{"logTime": "0915/102125", "correlationVector":"7x67Xdnw0abeDz42MrTc8q.2","action":"ProcessGetUpdates", "result":"Done", "context":{"dataType":"Encryption Keys", "deleted":"0", "process_failed_to_decrypt":"0", "process_pending_decryption":"0", "process_success":"1", "total":"1"}}
{"logTime": "0915/102126", "correlationVector":"S3iYNeVD78eNNbxHTPdXI3","action":"SyncServerConnectionManagerRequest", "result":"SYNC_SERVER_OK", "context":{"environment":"", "migrationStage":"", "server":""}}
{"logTime": "0915/102126", "correlationVector":"S3iYNeVD78eNNbxHTPdXI3.0","action":"EncryptionKeysFetcher.DownloadKeys:", "result":"Success", "context":Key count: 2, Last key timestamp: 2026-09-11T11:40:28Z}
{"logTime": "0915/102126", "correlationVector":"S3iYNeVD78eNNbxHTPdXI3.1","action":"EncryptionKeysManager::SetEncryptionKeys:", "result":"Success", "context":Key names[2]:[vV6Bmar3ZRUB1RLJb7QimqITTk4hFt7flcKwwLUuhEGY9uVfdMMFml2Dhs8mF8+ycLVNT2bro3jBiEufF6bAig==][dLV7wdkuiwMkPrVin1Yz99Y2d4sRDLcYgnHPSGKHwYvh12vydo6uAVMADzUlnzfVRKO6fbAkCDPFzrxWhPIbNg==]}
{"logTime": "0915/102126", "correlationVector":"S3iYNeVD78eNNbxHTPdXI3.2","action":"EncryptionKeysManager::SetEncryptionKeysWithTimestamps:", "result":"Success", "context":Key timestamps[2]:[2025-08-13T10:01:22Z][2026-09-11T11:40:28Z]}
{"logTime": "0915/102126", "correlationVector":"7x67Xdnw0abeDz42MrTc8q","action":"Initial GetUpdates", "result":"", "context":Reason: NEW_CLIENT. cV=7x67Xdnw0abeDz42MrTc8q}
{"logTime": "0915/102126", "correlationVector":"7x67Xdnw0abeDz42MrTc8q.3","action":"GetUpdates Response", "result":"Success", "context":Received 1 update(s). cV=7x67Xdnw0abeDz42MrTc8q.0;server=akswtt003000050;cloudType=Consumer;environment=Prod_southeastasia_prod-s01-064-apac-southeastasia;migrationStage=NotStarted}
{"logTime": "0915/102126", "correlationVector":"gxQG09h/luzuiDoPSf4FOA","action":"Initial GetUpdates", "result":"", "context":Reason: NEWLY_SUPPORTED_DATATYPE. cV=gxQG09h/luzuiDoPSf4FOA}
{"logTime": "0915/102128", "correlationVector":"gxQG09h/luzuiDoPSf4FOA.1","action":"SyncServerConnectionManagerRequest", "result":"SYNC_SERVER_OK", "context":{"environment":"Prod_westeurope_prod-s01-080-eur-westeurope", "migrationStage":"NotStarted", "server":"akswtt00400006t"}}
{"logTime": "0915/102128", "correlationVector":"gxQG09h/luzuiDoPSf4FOA.2","action":"ProcessGetUpdates", "result":"Done", "context":{"dataType":"Passwords", "deleted":"0", "process_failed_to_decrypt":"0", "process_pending_decryption":"0", "process_success":"4", "total":"4"}}
{"logTime": "0915/102128", "correlationVector":"gxQG09h/luzuiDoPSf4FOA.3","action":"ProcessGetUpdates", "result":"Done", "context":{"dataType":"Device Info", "deleted":"0", "process_failed_to_decrypt":"0", "process_pending_decryption":"0", "process_success":"246", "total":"246"}}
{"logTime": "0915/102128", "correlationVector":"gxQG09h/luzuiDoPSf4FOA.4","action":"GetUpdates Response", "result":"Success", "context":Received 250 update(s). cV=gxQG09h/luzuiDoPSf4FOA.0;server=akswtt00400006t;cloudType=Consumer;environment=Prod_westeurope_prod-s01-080-eur-westeurope;migrationStage=NotStarted Some updates remain.}
{"logTime": "0915/102128", "correlationVector":"PfZtv5J0MwzXGo3/YAuDfS","action":"Initial GetUpdates", "result":"", "context":Reason: NEWLY_SUPPORTED_DATATYPE. cV=PfZtv5J0MwzXGo3/YAuDfS}
{"logTime": "0915/102128", "correlationVector":"PfZtv5J0MwzXGo3/YAuDfS.1","action":"SyncServerConnectionManagerRequest", "result":"SYNC_SERVER_OK", "context":{"environment":"Prod_francecentral_prod-s01-062-eur-francecentral", "migrationStage":"NotStarted", "server":"akswtt117000055"}}
{"logTime": "0915/102128", "correlationVector":"PfZtv5J0MwzXGo3/YAuDfS.2","action":"ProcessGetUpdates", "result":"Done", "context":{"dataType":"Device Info", "deleted":"0", "process_failed_to_decrypt":"0", "process_pending_decryption":"0", "process_success":"14", "total":"14"}}
{"logTime": "0915/102128", "correlationVector":"PfZtv5J0MwzXGo3/YAuDfS.3","action":"GetUpdates Response", "result":"Success", "context":Received 14 update(s). cV=PfZtv5J0MwzXGo3/YAuDfS.0;server=akswtt117000055;cloudType=Consumer;environment=Prod_francecentral_prod-s01-062-eur-francecentral;migrationStage=NotStarted}
{"logTime": "0915/102128", "correlationVector":"AqF0oPO257wuNLFmnwKM/H","action":"Initial GetUpdates", "result":"", "context":Reason: NEWLY_SUPPORTED_DATATYPE. cV=AqF0oPO257wuNLFmnwKM/H}
{"logTime": "0915/102129", "correlationVector":"AqF0oPO257wuNLFmnwKM/H.1","action":"SyncServerConnectionManagerRequest", "result":"SYNC_SERVER_OK", "context":{"environment":"Prod_westeurope_prod-s01-080-eur-westeurope", "migrationStage":"NotStarted", "server":"akswtt004000006"}}
{"logTime": "0915/102129", "correlationVector":"AqF0oPO257wuNLFmnwKM/H.2","action":"ProcessGetUpdates", "result":"Done", "context":{"dataType":"Bookmarks", "deleted":"0", "process_failed_to_decrypt":"0", "process_pending_decryption":"0", "process_success":"13", "total":"13"}}
{"logTime": "0915/102129", "correlationVector":"AqF0oPO257wuNLFmnwKM/H.3","action":"ProcessGetUpdates", "result":"Done", "context":{"dataType":"Preferences", "deleted":"1", "process_failed_to_decrypt":"0", "process_pending_decryption":"0", "process_success":"52", "total":"52"}}
{"logTime": "0915/102129", "correlationVector":"AqF0oPO257wuNLFmnwKM/H.4","action":"ProcessGetUpdates", "result":"Done", "context":{"dataType":"Autofill Profiles", "deleted":"0", "process_failed_to_decrypt":"0", "process_pending_decryption":"0", "process_success":"1", "total":"1"}}
{"logTime": "0915/102129", "correlationVector":"AqF0oPO257wuNLFmnwKM/H.5","action":"ProcessGetUpdates", "result":"Done", "context":{"dataType":"Autofill", "deleted":"0", "process_failed_to_decrypt":"0", "process_pending_decryption":"0", "process_success":"4", "total":"4"}}
{"logTime": "0915/102129", "correlationVector":"AqF0oPO257wuNLFmnwKM/H.6","action":"ProcessGetUpdates", "result":"Done", "context":{"dataType":"Sessions", "deleted":"0", "process_failed_to_decrypt":"0", "process_pending_decryption":"0", "process_success":"179", "total":"179"}}
{"logTime": "0915/102129", "correlationVector":"AqF0oPO257wuNLFmnwKM/H.7","action":"ProcessGetUpdates", "result":"Done", "context":{"dataType":"Edge Hub App Usage", "deleted":"0", "process_failed_to_decrypt":"0", "process_pending_decryption":"0", "process_success":"1", "total":"1"}}
{"logTime": "0915/102129", "correlationVector":"AqF0oPO257wuNLFmnwKM/H.8","action":"GetUpdates Response", "result":"Success", "context":Received 250 update(s). cV=AqF0oPO257wuNLFmnwKM/H.0;server=akswtt004000006;cloudType=Consumer;environment=Prod_westeurope_prod-s01-080-eur-westeurope;migrationStage=NotStarted Some updates remain.}
{"logTime": "0915/102129", "correlationVector":"5TqoAaDnvbyIi7dpGMI2iW","action":"Initial GetUpdates", "result":"", "context":Reason: NEWLY_SUPPORTED_DATATYPE. cV=5TqoAaDnvbyIi7dpGMI2iW}
{"logTime": "0915/102130", "correlationVector":"5TqoAaDnvbyIi7dpGMI2iW.1","action":"SyncServerConnectionManagerRequest", "result":"SYNC_SERVER_OK", "context":{"environment":"Prod_francecentral_prod-s01-062-eur-francecentral", "migrationStage":"NotStarted", "server":"akswtt11700006h"}}
{"logTime": "0915/102130", "correlationVector":"5TqoAaDnvbyIi7dpGMI2iW.2","action":"ProcessGetUpdates", "result":"Done", "context":{"dataType":"Sessions", "deleted":"0", "process_failed_to_decrypt":"0", "process_pending_decryption":"0", "process_success":"249", "total":"249"}}
{"logTime": "0915/102130", "correlationVector":"5TqoAaDnvbyIi7dpGMI2iW.3","action":"ProcessGetUpdates", "result":"Done", "context":{"dataType":"Edge Hub App Usage", "deleted":"0", "process_failed_to_decrypt":"0", "process_pending_decryption":"0", "process_success":"1", "total":"1"}}
{"logTime": "0915/102130", "correlationVector":"5TqoAaDnvbyIi7dpGMI2iW.4","action":"GetUpdates Response", "result":"Success", "context":Received 250 update(s). cV=5TqoAaDnvbyIi7dpGMI2iW.0;server=akswtt11700006h;cloudType=Consumer;environment=Prod_francecentral_prod-s01-062-eur-francecentral;migrationStage=NotStarted Some updates remain.}
{"logTime": "0915/102130", "correlationVector":"I0Opkb/qWqo50W5BptHvvx","action":"Initial GetUpdates", "result":"", "context":Reason: NEWLY_SUPPORTED_DATATYPE. cV=I0Opkb/qWqo50W5BptHvvx}
{"logTime": "0915/102131", "correlationVector":"I0Opkb/qWqo50W5BptHvvx.1","action":"SyncServerConnectionManagerRequest", "result":"SYNC_SERVER_OK", "context":{"environment":"Prod_westeurope_prod-s01-080-eur-westeurope", "migrationStage":"NotStarted", "server":"akswtt00400003x"}}
{"logTime": "0915/102131", "correlationVector":"I0Opkb/qWqo50W5BptHvvx.2","action":"ProcessGetUpdates", "result":"Done", "context":{"dataType":"Sessions", "deleted":"0", "process_failed_to_decrypt":"0", "process_pending_decryption":"0", "process_success":"86", "total":"86"}}
{"logTime": "0915/102131", "correlationVector":"I0Opkb/qWqo50W5BptHvvx.3","action":"GetUpdates Response", "result":"Success", "context":Received 86 update(s). cV=I0Opkb/qWqo50W5BptHvvx.0;server=akswtt00400003x;cloudType=Consumer;environment=Prod_westeurope_prod-s01-080-eur-westeurope;migrationStage=NotStarted}
{"logTime": "0915/102131", "correlationVector":"y0MFNEBRhsyBLbNcQ+PrQZ","action":"Initial GetUpdates", "result":"", "context":Reason: NEWLY_SUPPORTED_DATATYPE. cV=y0MFNEBRhsyBLbNcQ+PrQZ}
{"logTime": "0915/102206", "correlationVector":"vqCB/YovSRkK6uXDdbs/5K.1","action":"SyncServerConnectionManagerRequest", "result":"SYNC_SERVER_OK", "context":{"environment":"Prod_southeastasia_prod-s01-065-apac-southeastasia", "migrationStage":"NotStarted", "server":"akswtt003000030"}}
{"logTime": "0915/102206", "correlationVector":"vqCB/YovSRkK6uXDdbs/5K.2","action":"ProcessGetUpdates", "result":"Done", "context":{"dataType":"Encryption Keys", "deleted":"0", "process_failed_to_decrypt":"0", "process_pending_decryption":"0", "process_success":"1", "total":"1"}}
{"logTime": "0915/102206", "correlationVector":"E3MgPLUR0QHAKu0NKcmPfq","action":"SyncServerConnectionManagerRequest", "result":"SYNC_SERVER_OK", "context":{"environment":"", "migrationStage":"", "server":""}}
{"logTime": "0915/102206", "correlationVector":"E3MgPLUR0QHAKu0NKcmPfq.0","action":"EncryptionKeysFetcher.DownloadKeys:", "result":"Success", "context":Key count: 2, Last key timestamp: 2026-09-11T11:40:28Z}
{"logTime": "0915/102206", "correlationVector":"E3MgPLUR0QHAKu0NKcmPfq.1","action":"EncryptionKeysManager::SetEncryptionKeys:", "result":"Success", "context":Key names[2]:[vV6Bmar3ZRUB1RLJb7QimqITTk4hFt7flcKwwLUuhEGY9uVfdMMFml2Dhs8mF8+ycLVNT2bro3jBiEufF6bAig==][dLV7wdkuiwMkPrVin1Yz99Y2d4sRDLcYgnHPSGKHwYvh12vydo6uAVMADzUlnzfVRKO6fbAkCDPFzrxWhPIbNg==]}
{"logTime": "0915/102206", "correlationVector":"E3MgPLUR0QHAKu0NKcmPfq.2","action":"EncryptionKeysManager::SetEncryptionKeysWithTimestamps:", "result":"Success", "context":Key timestamps[2]:[2025-08-13T10:01:22Z][2026-09-11T11:40:28Z]}
{"logTime": "0915/102206", "correlationVector":"vqCB/YovSRkK6uXDdbs/5K","action":"Initial GetUpdates", "result":"", "context":Reason: NEW_CLIENT. cV=vqCB/YovSRkK6uXDdbs/5K}
{"logTime": "0915/102206", "correlationVector":"vqCB/YovSRkK6uXDdbs/5K.3","action":"GetUpdates Response", "result":"Success", "context":Received 1 update(s). cV=vqCB/YovSRkK6uXDdbs/5K.0;server=akswtt003000030;cloudType=Consumer;environment=Prod_southeastasia_prod-s01-065-apac-southeastasia;migrationStage=NotStarted}
{"logTime": "0915/102206", "correlationVector":"rC96sQTKx3qsq1pDjO7lPO","action":"Initial GetUpdates", "result":"", "context":Reason: NEWLY_SUPPORTED_DATATYPE. cV=rC96sQTKx3qsq1pDjO7lPO}
{"logTime": "0915/102207", "correlationVector":"rC96sQTKx3qsq1pDjO7lPO.1","action":"SyncServerConnectionManagerRequest", "result":"SYNC_SERVER_OK", "context":{"environment":"Prod_southeastasia_prod-s01-065-apac-southeastasia", "migrationStage":"NotStarted", "server":"akswtt00300002m"}}
{"logTime": "0915/102207", "correlationVector":"rC96sQTKx3qsq1pDjO7lPO.2","action":"ProcessGetUpdates", "result":"Done", "context":{"dataType":"Device Info", "deleted":"0", "process_failed_to_decrypt":"0", "process_pending_decryption":"0", "process_success":"250", "total":"250"}}
{"logTime": "0915/102207", "correlationVector":"rC96sQTKx3qsq1pDjO7lPO.3","action":"GetUpdates Response", "result":"Success", "context":Received 250 update(s). cV=rC96sQTKx3qsq1pDjO7lPO.0;server=akswtt00300002m;cloudType=Consumer;environment=Prod_southeastasia_prod-s01-065-apac-southeastasia;migrationStage=NotStarted Some updates remain.}
{"logTime": "0915/102207", "correlationVector":"ZfkIZHyVyPbypavF/Ogv5+","action":"Initial GetUpdates", "result":"", "context":Reason: NEWLY_SUPPORTED_DATATYPE. cV=ZfkIZHyVyPbypavF/Ogv5+}
{"logTime": "0915/102207", "correlationVector":"ZfkIZHyVyPbypavF/Ogv5+.1","action":"SyncServerConnectionManagerRequest", "result":"SYNC_SERVER_OK", "context":{"environment":"Prod_southeastasia_prod-s01-065-apac-southeastasia", "migrationStage":"NotStarted", "server":"akswtt00300002w"}}
{"logTime": "0915/102207", "correlationVector":"ZfkIZHyVyPbypavF/Ogv5+.2","action":"ProcessGetUpdates", "result":"Done", "context":{"dataType":"Device Info", "deleted":"0", "process_failed_to_decrypt":"0", "process_pending_decryption":"0", "process_success":"10", "total":"10"}}
{"logTime": "0915/102207", "correlationVector":"ZfkIZHyVyPbypavF/Ogv5+.3","action":"GetUpdates Response", "result":"Success", "context":Received 10 update(s). cV=ZfkIZHyVyPbypavF/Ogv5+.0;server=akswtt00300002w;cloudType=Consumer;environment=Prod_southeastasia_prod-s01-065-apac-southeastasia;migrationStage=NotStarted}
{"logTime": "0915/102207", "correlationVector":"PNTerdehiQODTVd7SMC3eU","action":"Initial GetUpdates", "result":"", "context":Reason: NEWLY_SUPPORTED_DATATYPE. cV=PNTerdehiQODTVd7SMC3eU}
{"logTime": "0915/102208", "correlationVector":"PNTerdehiQODTVd7SMC3eU.1","action":"SyncServerConnectionManagerRequest", "result":"SYNC_SERVER_OK", "context":{"environment":"Prod_southeastasia_prod-s01-065-apac-southeastasia", "migrationStage":"NotStarted", "server":"akswtt00300002y"}}
{"logTime": "0915/102208", "correlationVector":"PNTerdehiQODTVd7SMC3eU.2","action":"GetUpdates Response", "result":"Success", "context":Received 0 update(s). cV=PNTerdehiQODTVd7SMC3eU.0;server=akswtt00300002y;cloudType=Consumer;environment=Prod_southeastasia_prod-s01-065-apac-southeastasia;migrationStage=NotStarted}
{"logTime": "0915/102208", "correlationVector":"r5LQeEN14zG6Ol39kjDBks","action":"Normal GetUpdate request", "result":"", "context":cV=r5LQeEN14zG6Ol39kjDBks
Nudged types: Device Info, User Consents
Refresh requested types: Extensions, Extension settings, Device Info, User Consents, Send Tab To Self, Web Apps, Encryption Keys}
{"logTime": "0915/102208", "correlationVector":"r5LQeEN14zG6Ol39kjDBks.1","action":"SyncServerConnectionManagerRequest", "result":"SYNC_SERVER_OK", "context":{"environment":"Prod_southeastasia_prod-s01-065-apac-southeastasia", "migrationStage":"NotStarted", "server":"akswtt00300000l"}}
{"logTime": "0915/102208", "correlationVector":"r5LQeEN14zG6Ol39kjDBks.2","action":"GetUpdates Response", "result":"Success", "context":Received 0 update(s). cV=r5LQeEN14zG6Ol39kjDBks.0;server=akswtt00300000l;cloudType=Consumer;environment=Prod_southeastasia_prod-s01-065-apac-southeastasia;migrationStage=NotStarted}
{"logTime": "0915/102208", "correlationVector":"EisVSwPbJsowNuyBnPILwH","action":"DoCompareDataConsistency requsted types: ", "result":"Extensions, Extension settings, Send Tab To Self, Web Apps, Encryption Keys"}
{"logTime": "0915/102208", "correlationVector":"EisVSwPbJsowNuyBnPILwH.0","action":"CompareDataConsistency result: ", "result":"Compare result: Encryption Keys is consistent. local entities count is: 1 local entities hash is: d49+B78LOGcPZQtNeIB3MxlR0kY="}
{"logTime": "0915/102208", "correlationVector":"EisVSwPbJsowNuyBnPILwH.1","action":"CompareDataConsistency result: ", "result":"Compare result: Extensions is consistent. local entities count is: 0 local entities hash is: "}
{"logTime": "0915/102208", "correlationVector":"EisVSwPbJsowNuyBnPILwH.2","action":"CompareDataConsistency result: ", "result":"Compare result: Extension settings is consistent. local entities count is: 0 local entities hash is: "}
{"logTime": "0915/102208", "correlationVector":"EisVSwPbJsowNuyBnPILwH.3","action":"CompareDataConsistency result: ", "result":"Server did not send this Send Tab To Self local entities count is: 0 local entities hash is: "}
{"logTime": "0915/102208", "correlationVector":"EisVSwPbJsowNuyBnPILwH.4","action":"CompareDataConsistency result: ", "result":"Compare result: Web Apps is consistent. local entities count is: 0 local entities hash is: "}
{"logTime": "0915/102208", "correlationVector":"grI9mPHzkKtA+FjC+5J1jd","action":"Commit Request", "result":"", "context":Item count: 2
Contributing types: Device Info, User Consents}
{"logTime": "0915/102210", "correlationVector":"grI9mPHzkKtA+FjC+5J1jd.1","action":"SyncServerConnectionManagerRequest", "result":"SYNC_SERVER_OK", "context":{"environment":"Prod_westeurope_prod-s01-080-eur-westeurope", "migrationStage":"NotStarted", "server":"akswtt00400002s"}}
{"logTime": "0915/102210", "correlationVector":"grI9mPHzkKtA+FjC+5J1jd.2","action":"Commit Response", "result":"Success", "context":Result: Success. cV=grI9mPHzkKtA+FjC+5J1jd.0;server=akswtt00400002s;cloudType=Consumer;environment=Prod_westeurope_prod-s01-080-eur-westeurope;migrationStage=NotStarted}
{"logTime": "0915/102210", "correlationVector":"","action":"DIAGNOSTIC_REQUEST|v1/diagnosticData/Diagnostic.SendCheckResult()|SUCCESS", "result":""}
