2026-09-15 10:21:22.773: [INFO] CurrentProfilePath: C:\Users\qing1\Desktop\审查版\preview\_game-profile\Default
2026-09-15 10:21:22.773: [INFO] Profiles total count: 1
2026-09-15 10:21:22.773: [INFO] Profile: name=用户配置 1 path=C:\Users\qing1\Desktop\审查版\preview\_game-profile\Default lastActive=null
2026-09-15 10:21:22.773: [INFO] LastUsedProfileDir: C:\Users\qing1\Desktop\审查版\preview\_game-profile\Default
2026-09-15 10:21:22.773: [INFO] VisibilityChanged: 0
2026-09-15 10:21:22.783: [INFO] RecordSyncInitDuration has_sync_been_enabled: 0 state: 0
2026-09-15 10:21:22.784: [INFO] RecordSyncInitDuration has_sync_been_enabled: 0 state: 0
2026-09-15 10:21:22.784: [INFO] RecordSyncInitDuration has_sync_been_enabled: 0 state: 0
2026-09-15 10:21:22.785: [INFO] RecordSyncInitDuration has_sync_been_enabled: 0 state: 0
2026-09-15 10:21:22.785: [INFO] RecordSyncInitDuration has_sync_been_enabled: 0 state: 0
2026-09-15 10:21:22.786: [INFO] RecordSyncInitDuration has_sync_been_enabled: 0 state: 0
2026-09-15 10:21:22.786: [INFO] RecordSyncInitDuration has_sync_been_enabled: 0 state: 0
2026-09-15 10:21:22.787: [INFO] RecordSyncInitDuration has_sync_been_enabled: 0 state: 0
2026-09-15 10:21:22.787: [INFO] RecordSyncInitDuration has_sync_been_enabled: 0 state: 0
2026-09-15 10:21:22.788: [INFO] RecordSyncInitDuration has_sync_been_enabled: 0 state: 0
2026-09-15 10:21:22.796: [INFO] BookmarkNodeAdded, ABU: 0
2026-09-15 10:21:22.796: [INFO] BookmarkNodeAdded, ABU: 0
2026-09-15 10:21:22.796: [INFO] OnDoneLoading sync enabled: 0
2026-09-15 10:21:22.796: [INFO] BookmarkModelLoaded, ids_reassigned: 0
2026-09-15 10:21:22.796: [INFO] BookmarksLoadDropped droppedNodes=0
2026-09-15 10:21:22.796: [INFO] BookmarksSnapshot Startup total=2 bar=2 other=0 mobile=0 showBar=0 showBarNTP=1
2026-09-15 10:21:22.797: [INFO] RecordSyncInitDuration has_sync_been_enabled: 0 state: 0
2026-09-15 10:21:24.410: [INFO] RecordSyncInitDuration has_sync_been_enabled: 0 state: 0
2026-09-15 10:21:24.411: [INFO] RecordSyncInitDuration has_sync_been_enabled: 0 state: 3
2026-09-15 10:21:24.413: [INFO] Primary account changed.
2026-09-15 10:21:24.413: [INFO] OnPrimaryAccountChanged PrimaryAccountChangeEvent::Type::kSet
2026-09-15 10:21:24.416: [INFO] RecordSyncInitDuration has_sync_been_enabled: 0 state: 3
2026-09-15 10:21:24.424: [INFO] RecordSyncInitDuration has_sync_been_enabled: 0 state: 3
2026-09-15 10:21:31.242: [INFO] BookmarkNodeAdded, ABU: 0
2026-09-15 10:21:31.243: [INFO] BookmarkNodeAdded, ABU: 0
2026-09-15 10:21:31.243: [INFO] BookmarkNodeAdded, ABU: 0
2026-09-15 10:21:31.243: [INFO] BookmarkNodeAdded, ABU: 0
2026-09-15 10:21:31.243: [INFO] BookmarkNodeAdded, ABU: 0
2026-09-15 10:21:31.243: [INFO] BookmarkNodeAdded, ABU: 0
2026-09-15 10:21:31.244: [INFO] BookmarkNodeAdded, ABU: 0
2026-09-15 10:22:05.814: [INFO] CurrentProfilePath: C:\Users\qing1\Desktop\审查版\preview\_game-profile\Default
2026-09-15 10:22:05.814: [INFO] Profiles total count: 1
2026-09-15 10:22:05.814: [INFO] Profile: name=用户配置 1 path=C:\Users\qing1\Desktop\审查版\preview\_game-profile\Default lastActive=null
2026-09-15 10:22:05.814: [INFO] LastUsedProfileDir: C:\Users\qing1\Desktop\审查版\preview\_game-profile\Default
2026-09-15 10:22:05.814: [INFO] VisibilityChanged: 0
2026-09-15 10:22:05.828: [INFO] OnDoneLoading sync enabled: 0
2026-09-15 10:22:05.828: [INFO] BookmarkModelLoaded, ids_reassigned: 0
2026-09-15 10:22:05.828: [INFO] BookmarksLoadDropped droppedNodes=0
2026-09-15 10:22:05.828: [INFO] BookmarksSnapshot Startup total=2 bar=2 other=0 mobile=0 showBar=0 showBarNTP=1
2026-09-15 10:22:05.840: [INFO] RecordSyncInitDuration has_sync_been_enabled: 0 state: 3
2026-09-15 10:22:05.850: [INFO] RecordSyncInitDuration has_sync_been_enabled: 0 state: 3
2026-09-15 10:22:05.866: [INFO] BookmarkNodeAdded, ABU: 0
2026-09-15 10:22:05.867: [INFO] BookmarkNodeAdded, ABU: 0
2026-09-15 10:22:06.169: [INFO] RecordSyncInitDuration has_sync_been_enabled: 0 state: 3
2026-09-15 10:22:06.170: [INFO] RecordSyncInitDuration has_sync_been_enabled: 0 state: 3
2026-09-15 10:22:06.171: [INFO] RecordSyncInitDuration has_sync_been_enabled: 0 state: 3
2026-09-15 10:22:06.173: [INFO] RecordSyncInitDuration has_sync_been_enabled: 0 state: 3
2026-09-15 10:22:06.174: [INFO] RecordSyncInitDuration has_sync_been_enabled: 0 state: 3
2026-09-15 10:22:06.175: [INFO] RecordSyncInitDuration has_sync_been_enabled: 0 state: 3
2026-09-15 10:22:06.176: [INFO] RecordSyncInitDuration has_sync_been_enabled: 0 state: 5
2026-09-15 10:22:06.178: [INFO] RecordSyncInitDuration has_sync_been_enabled: 0 state: 5
2026-09-15 10:22:06.713: [INFO] RecordSyncInitDuration has_sync_been_enabled: 0 state: 5
2026-09-15 10:22:06.715: [INFO] RecordSyncInitDuration has_sync_been_enabled: 0 state: 5
2026-09-15 10:22:07.839: [INFO] RecordSyncInitDuration has_sync_been_enabled: 0 state: 5
2026-09-15 10:22:08.298: [INFO] RecordSyncInitDuration has_sync_been_enabled: 0 state: 5
2026-09-15 10:22:08.299: [INFO] RecordSyncInitDuration has_sync_been_enabled: 0 state: 6
2026-09-15 10:22:08.301: [INFO] RecordSyncInitDuration has_sync_been_enabled: 0 state: 6
2026-09-15 10:22:10.274: [INFO] RecordSyncInitDuration has_sync_been_enabled: 0 state: 6
2026-09-15 10:22:10.275: [INFO] RecordSyncInitDuration has_sync_been_enabled: 0 state: 6
2026-09-15 10:22:10.475: [INFO] RecordSyncInitDuration has_sync_been_enabled: 0 state: 6
